
> app@1.0.0 worker
> ts-node src/workers/renderWorker.ts

[dotenv@17.3.1] injecting env (0) from .env -- tip: 🤖 agentic secret storage: https://dotenvx.com/as2
[Worker] Render worker started...
[Worker] Starting job: cafa7544-25bb-48bc-aef1-33ea7ca410e6
[Worker] Fetching Quran data...
[Worker] Rendering video...
Downloading Chrome Headless Shell https://www.remotion.dev/chrome-headless-shell
Customize this behavior by adding a onBrowserDownload function to selectComposition().
Downloading from: https://remotion.media/chromium-headless-shell-linux-x64-144.0.7559.20.zip?clearcache
Downloading Chrome Headless Shell - 9.5 Mb/86.6 Mb
Downloading Chrome Headless Shell - 19.1 Mb/86.6 Mb
Downloading Chrome Headless Shell - 28.6 Mb/86.6 Mb
Downloading Chrome Headless Shell - 38.2 Mb/86.6 Mb
Downloading Chrome Headless Shell - 47.7 Mb/86.6 Mb
Downloading Chrome Headless Shell - 57.3 Mb/86.6 Mb
Downloading Chrome Headless Shell - 66.8 Mb/86.6 Mb
Downloading Chrome Headless Shell - 76.4 Mb/86.6 Mb
Downloading Chrome Headless Shell - 85.9 Mb/86.6 Mb
Downloading Chrome Headless Shell - 86.6 Mb/86.6 Mb
[Worker] Job cafa7544-25bb-48bc-aef1-33ea7ca410e6 completed!
[Worker] cafa7544-25bb-48bc-aef1-33ea7ca410e6 has completed!
